// Jest Snapshot v1, https://goo.gl/fbAQLP

exports[`Component snapshots App should render correctly with Node or Function 1`] = `
<h1>
  Activities
</h1>
`;
