// Jest Snapshot v1, https://goo.gl/fbAQLP

exports[`Material UI tests App should render AppAlert correctly 1`] = `"<div class=\\"MuiPaper-root MuiAlert-root MuiAlert-filledError AppAlert-alert-11 MuiPaper-elevation0\\" role=\\"alert\\"><div class=\\"MuiAlert-icon\\"><svg class=\\"MuiSvgIcon-root MuiSvgIcon-fontSizeInherit\\" focusable=\\"false\\" viewBox=\\"0 0 24 24\\" aria-hidden=\\"true\\"><path d=\\"M11 15h2v2h-2zm0-8h2v6h-2zm.99-5C6.47 2 2 6.48 2 12s4.47 10 9.99 10C17.52 22 22 17.52 22 12S17.52 2 11.99 2zM12 20c-4.42 0-8-3.58-8-8s3.58-8 8-8 8 3.58 8 8-3.58 8-8 8z\\"></path></svg></div><div class=\\"MuiAlert-message\\">Test3 message</div></div>"`;

exports[`Material UI tests App should render ConfirmAlert correctly 1`] = `"<div role=\\"presentation\\" class=\\"MuiDialog-root\\" style=\\"position: fixed; z-index: 1300; right: 0px; bottom: 0px; top: 0px; left: 0px;\\"><div class=\\"MuiBackdrop-root\\" aria-hidden=\\"true\\" style=\\"opacity: 1; webkit-transition: opacity 225ms cubic-bezier(0.4, 0, 0.2, 1) 0ms; transition: opacity 225ms cubic-bezier(0.4, 0, 0.2, 1) 0ms;\\"></div><div tabindex=\\"0\\" data-test=\\"sentinelStart\\"></div><div class=\\"MuiDialog-container MuiDialog-scrollPaper\\" style=\\"opacity: 1; webkit-transition: opacity 225ms cubic-bezier(0.4, 0, 0.2, 1) 0ms; transition: opacity 225ms cubic-bezier(0.4, 0, 0.2, 1) 0ms;\\" role=\\"none presentation\\" tabindex=\\"-1\\"><div class=\\"MuiPaper-root MuiDialog-paper MuiDialog-paperScrollPaper MuiDialog-paperWidthSm MuiPaper-elevation24 MuiPaper-rounded\\" role=\\"dialog\\" aria-describedby=\\"alert-dialog-description\\" aria-labelledby=\\"alert-dialog-title\\"><div class=\\"MuiDialogTitle-root\\" id=\\"alert-dialog-title\\"><h2 class=\\"MuiTypography-root MuiTypography-h6\\">Title</h2></div><div class=\\"MuiDialogContent-root\\"><p class=\\"MuiTypography-root MuiDialogContentText-root MuiTypography-body1 MuiTypography-colorTextSecondary\\" id=\\"alert-dialog-description\\"><span>Test message</span></p></div><div class=\\"MuiDialogActions-root MuiDialogActions-spacing\\"><button class=\\"MuiButtonBase-root MuiButton-root MuiButton-text MuiButton-textPrimary Mui-focusVisible Mui-focusVisible\\" tabindex=\\"0\\" type=\\"button\\"><span class=\\"MuiButton-label\\">No</span><span class=\\"MuiTouchRipple-root\\"><span class=\\"MuiTouchRipple-ripple MuiTouchRipple-rippleVisible MuiTouchRipple-ripplePulsate\\" style=\\"width: 1px; height: 1px; top: -0.5px; left: -0.5px;\\"><span class=\\"MuiTouchRipple-child MuiTouchRipple-childPulsate\\"></span></span></span></button><button class=\\"MuiButtonBase-root MuiButton-root MuiButton-text MuiButton-textPrimary\\" tabindex=\\"0\\" type=\\"button\\"><span class=\\"MuiButton-label\\">Yes</span><span class=\\"MuiTouchRipple-root\\"></span></button></div></div></div><div tabindex=\\"0\\" data-test=\\"sentinelEnd\\"></div></div>"`;

exports[`Material UI tests App should render Performance correctly 1`] = `"<div class=\\"flex_container\\"><div><h1>Activities management</h1><h3></h3></div><div class=\\"period_control\\"><a class=\\"MuiTypography-root MuiLink-root MuiLink-underlineHover MuiTypography-colorPrimary\\" href=\\"#\\"><svg class=\\"MuiSvgIcon-root\\" focusable=\\"false\\" viewBox=\\"0 0 24 24\\" aria-hidden=\\"true\\"><path d=\\"M14.71 6.71a.9959.9959 0 00-1.41 0L8.71 11.3c-.39.39-.39 1.02 0 1.41l4.59 4.59c.39.39 1.02.39 1.41 0 .39-.39.39-1.02 0-1.41L10.83 12l3.88-3.88c.39-.39.38-1.03 0-1.41z\\"></path></svg></a><span>1 - 31</span><a class=\\"MuiTypography-root MuiLink-root MuiLink-underlineHover MuiTypography-colorPrimary\\" href=\\"#\\"><svg class=\\"MuiSvgIcon-root\\" focusable=\\"false\\" viewBox=\\"0 0 24 24\\" aria-hidden=\\"true\\"><path d=\\"M9.29 6.71c-.39.39-.39 1.02 0 1.41L13.17 12l-3.88 3.88c-.39.39-.39 1.02 0 1.41.39.39 1.02.39 1.41 0l4.59-4.59c.39-.39.39-1.02 0-1.41L10.7 6.7c-.38-.38-1.02-.38-1.41.01z\\"></path></svg></a><hr class=\\"MuiDivider-root MuiDivider-flexItem MuiDivider-vertical\\"><div class=\\"period_control__select\\">December</div><hr class=\\"MuiDivider-root MuiDivider-flexItem MuiDivider-vertical\\"><div class=\\"period_control__select\\">2019</div><hr class=\\"MuiDivider-root MuiDivider-flexItem MuiDivider-vertical\\"><div class=\\"period_control__select\\">Today 01.01.2020</div></div></div><div class=\\"performance_container\\">Month performance<span class=\\"warning performance_data\\">0%</span>Working days<span class=\\"performance_data\\">0</span></div><div class=\\"MuiPaper-root MuiTableContainer-root MuiPaper-elevation1 MuiPaper-rounded\\"><table class=\\"MuiTable-root Performance-table-15\\" aria-label=\\"simple table\\"><thead class=\\"MuiTableHead-root\\"><tr class=\\"MuiTableRow-root MuiTableRow-head\\"><th class=\\"MuiTableCell-root MuiTableCell-head MuiTableCell-alignLeft MuiTableCell-sizeSmall\\" scope=\\"col\\">Name</th><th class=\\"MuiTableCell-root MuiTableCell-head Performance-monthHeadCell-19 MuiTableCell-alignCenter MuiTableCell-sizeSmall\\" scope=\\"col\\"></th><th class=\\"MuiTableCell-root MuiTableCell-head Performance-numCell-21 MuiTableCell-alignCenter MuiTableCell-sizeSmall\\" scope=\\"col\\">1.1</th></tr></thead><tbody class=\\"MuiTableBody-root\\"><tr class=\\"MuiTableRow-root\\"><th class=\\"MuiTableCell-root MuiTableCell-body MuiTableCell-sizeSmall\\" role=\\"cell\\" scope=\\"row\\">Day performance</th><td class=\\"MuiTableCell-root MuiTableCell-body MuiTableCell-alignCenter MuiTableCell-sizeSmall\\"></td><td class=\\"MuiTableCell-root MuiTableCell-body MuiTableCell-alignCenter MuiTableCell-sizeSmall\\"></td></tr><tr class=\\"MuiTableRow-root\\"><th class=\\"MuiTableCell-root MuiTableCell-body MuiTableCell-sizeSmall\\" role=\\"cell\\" scope=\\"row\\">Spent hours</th><td class=\\"MuiTableCell-root MuiTableCell-body MuiTableCell-alignCenter MuiTableCell-sizeSmall\\"></td><td class=\\"MuiTableCell-root MuiTableCell-body MuiTableCell-alignCenter MuiTableCell-sizeSmall\\"><span class=\\"Performance-cellSpan-17\\">0</span></td></tr></tbody></table></div><div class=\\"Performance-divButtons-24\\"><button class=\\"MuiButtonBase-root MuiButton-root MuiButton-contained MuiButton-containedSecondary Mui-disabled Mui-disabled\\" tabindex=\\"-1\\" type=\\"button\\" disabled=\\"\\"><span class=\\"MuiButton-label\\">Save</span></button><a class=\\"MuiButtonBase-root MuiButton-root MuiButton-contained MuiButton-containedPrimary\\" tabindex=\\"0\\" aria-disabled=\\"false\\" href=\\"#/activities\\"><span class=\\"MuiButton-label\\">Select activities</span><span class=\\"MuiTouchRipple-root\\"></span></a></div>"`;
